// Jest Snapshot v1, https://goo.gl/fbAQLP

exports[`AlertWrapper component should render withount crashing 1`] = `
<StyledComponent
  forwardedComponent={
    Object {
      "$$typeof": Symbol(react.forward_ref),
      "attrs": Array [],
      "componentStyle": ComponentStyle {
        "componentId": "sc-bdVaJa",
        "isStatic": true,
        "rules": Array [
          "
  display: flex;
  justify-content: space-between;
  align-items: center;
  position: absolute;
  top: 50%;
  left: 50%;
  margin: auto;
  width: 500px;
  height: 80px;
  border-radius: 5px;
  padding: 20px;
  background-color: white;
  transform: translate(-50%, -50%);
",
        ],
      },
      "displayName": "styled.div",
      "foldedComponentIds": Array [],
      "render": [Function],
      "styledComponentId": "sc-bdVaJa",
      "target": "div",
      "toString": [Function],
      "warnTooManyClasses": [Function],
      "withComponent": [Function],
    }
  }
  forwardedRef={null}
/>
`;
